// Vitest Snapshot v1

exports[`Test Cases For Charting -> 312 App  > (2 pts) Test Chart Component with initial-data.json data 1`] = `"<div class=\\"simple-cloud\\"><span class=\\"tag-cloud-tag\\" style=\\"margin: 0px 3px; vertical-align: middle; display: inline-block; color: rgb(4, 101, 107); font-size: 24px;\\">stop.</span><span class=\\"tag-cloud-tag\\" style=\\"margin: 0px 3px; vertical-align: middle; display: inline-block; color: rgb(5, 72, 102); font-size: 24px;\\">them.</span><span class=\\"tag-cloud-tag\\" style=\\"margin: 0px 3px; vertical-align: middle; display: inline-block; color: rgb(2, 93, 112); font-size: 24px;\\">lights</span><span class=\\"tag-cloud-tag\\" style=\\"margin: 0px 3px; vertical-align: middle; display: inline-block; color: rgb(155, 13, 51); font-size: 24px;\\">some</span><span class=\\"tag-cloud-tag\\" style=\\"margin: 0px 3px; vertical-align: middle; display: inline-block; color: rgb(196, 157, 1); font-size: 48px;\\">all</span><span class=\\"tag-cloud-tag\\" style=\\"margin: 0px 3px; vertical-align: middle; display: inline-block; color: rgb(2, 135, 75); font-size: 24px;\\">block</span><span class=\\"tag-cloud-tag\\" style=\\"margin: 0px 3px; vertical-align: middle; display: inline-block; color: rgb(191, 3, 163); font-size: 24px;\\">night.</span><span class=\\"tag-cloud-tag\\" style=\\"margin: 0px 3px; vertical-align: middle; display: inline-block; color: rgb(4, 44, 102); font-size: 24px;\\">give</span><span class=\\"tag-cloud-tag\\" style=\\"margin: 0px 3px; vertical-align: middle; display: inline-block; color: rgb(186, 1, 124); font-size: 24px;\\">neighbors</span><span class=\\"tag-cloud-tag\\" style=\\"margin: 0px 3px; vertical-align: middle; display: inline-block; color: rgb(13, 53, 132); font-size: 24px;\\">fix</span><span class=\\"tag-cloud-tag\\" style=\\"margin: 0px 3px; vertical-align: middle; display: inline-block; color: rgb(7, 132, 45); font-size: 24px;\\">on</span><span class=\\"tag-cloud-tag\\" style=\\"margin: 0px 3px; vertical-align: middle; display: inline-block; color: rgb(4, 10, 94); font-size: 48px;\\">Please</span><span class=\\"tag-cloud-tag\\" style=\\"margin: 0px 3px; vertical-align: middle; display: inline-block; color: rgb(201, 14, 198); font-size: 24px;\\">jackhammering</span><span class=\\"tag-cloud-tag\\" style=\\"margin: 0px 3px; vertical-align: middle; display: inline-block; color: rgb(221, 110, 6); font-size: 24px;\\">make</span><span class=\\"tag-cloud-tag\\" style=\\"margin: 0px 3px; vertical-align: middle; display: inline-block; color: rgb(17, 170, 24); font-size: 24px;\\">trash</span><span class=\\"tag-cloud-tag\\" style=\\"margin: 0px 3px; vertical-align: middle; display: inline-block; color: rgb(202, 18, 226); font-size: 24px;\\">and</span><span class=\\"tag-cloud-tag\\" style=\\"margin: 0px 3px; vertical-align: middle; display: inline-block; color: rgb(216, 161, 8); font-size: 24px;\\">out.</span><span class=\\"tag-cloud-tag\\" style=\\"margin: 0px 3px; vertical-align: middle; display: inline-block; color: rgb(62, 1, 132); font-size: 24px;\\">my</span><span class=\\"tag-cloud-tag\\" style=\\"margin: 0px 3px; vertical-align: middle; display: inline-block; color: rgb(204, 74, 14); font-size: 36px;\\">are</span><span class=\\"tag-cloud-tag\\" style=\\"margin: 0px 3px; vertical-align: middle; display: inline-block; color: rgb(73, 142, 8); font-size: 24px;\\">day</span><span class=\\"tag-cloud-tag\\" style=\\"margin: 0px 3px; vertical-align: middle; display: inline-block; color: rgb(198, 119, 15); font-size: 24px;\\">The</span><span class=\\"tag-cloud-tag\\" style=\\"margin: 0px 3px; vertical-align: middle; display: inline-block; color: rgb(51, 12, 142); font-size: 24px;\\">them</span><span class=\\"tag-cloud-tag\\" style=\\"margin: 0px 3px; vertical-align: middle; display: inline-block; color: rgb(110, 127, 12); font-size: 24px;\\">cans.</span><span class=\\"tag-cloud-tag\\" style=\\"margin: 0px 3px; vertical-align: middle; display: inline-block; color: rgb(11, 124, 102); font-size: 24px;\\">My</span><span class=\\"tag-cloud-tag\\" style=\\"margin: 0px 3px; vertical-align: middle; display: inline-block; color: rgb(165, 13, 64); font-size: 24px;\\">me</span></div>  "`;

exports[`Test Cases For Charting -> 312 App  > (3 pts)Test Chart Component After Appending Some Data to the request 1`] = `"<div class=\\"simple-cloud\\"><span class=\\"tag-cloud-tag\\" style=\\"margin: 0px 3px; vertical-align: middle; display: inline-block; color: rgb(216, 161, 8); font-size: 24px;\\">out.</span><span class=\\"tag-cloud-tag\\" style=\\"margin: 0px 3px; vertical-align: middle; display: inline-block; color: rgb(11, 124, 102); font-size: 24px;\\">My</span><span class=\\"tag-cloud-tag\\" style=\\"margin: 0px 3px; vertical-align: middle; display: inline-block; color: rgb(13, 53, 132); font-size: 24px;\\">fix</span><span class=\\"tag-cloud-tag\\" style=\\"margin: 0px 3px; vertical-align: middle; display: inline-block; color: rgb(4, 101, 107); font-size: 24px;\\">stop.</span><span class=\\"tag-cloud-tag\\" style=\\"margin: 0px 3px; vertical-align: middle; display: inline-block; color: rgb(7, 132, 45); font-size: 24px;\\">on</span><span class=\\"tag-cloud-tag\\" style=\\"margin: 0px 3px; vertical-align: middle; display: inline-block; color: rgb(155, 13, 51); font-size: 24px;\\">some</span><span class=\\"tag-cloud-tag\\" style=\\"margin: 0px 3px; vertical-align: middle; display: inline-block; color: rgb(2, 93, 112); font-size: 24px;\\">lights</span><span class=\\"tag-cloud-tag\\" style=\\"margin: 0px 3px; vertical-align: middle; display: inline-block; color: rgb(204, 74, 14); font-size: 36px;\\">are</span><span class=\\"tag-cloud-tag\\" style=\\"margin: 0px 3px; vertical-align: middle; display: inline-block; color: rgb(110, 127, 12); font-size: 24px;\\">cans.</span><span class=\\"tag-cloud-tag\\" style=\\"margin: 0px 3px; vertical-align: middle; display: inline-block; color: rgb(0, 2, 96); font-size: 24px;\\">Description</span><span class=\\"tag-cloud-tag\\" style=\\"margin: 0px 3px; vertical-align: middle; display: inline-block; color: rgb(165, 13, 64); font-size: 24px;\\">me</span><span class=\\"tag-cloud-tag\\" style=\\"margin: 0px 3px; vertical-align: middle; display: inline-block; color: rgb(202, 18, 226); font-size: 24px;\\">and</span><span class=\\"tag-cloud-tag\\" style=\\"margin: 0px 3px; vertical-align: middle; display: inline-block; color: rgb(4, 44, 102); font-size: 24px;\\">give</span><span class=\\"tag-cloud-tag\\" style=\\"margin: 0px 3px; vertical-align: middle; display: inline-block; color: rgb(62, 1, 132); font-size: 24px;\\">my</span><span class=\\"tag-cloud-tag\\" style=\\"margin: 0px 3px; vertical-align: middle; display: inline-block; color: rgb(5, 72, 102); font-size: 24px;\\">them.</span><span class=\\"tag-cloud-tag\\" style=\\"margin: 0px 3px; vertical-align: middle; display: inline-block; color: rgb(191, 3, 163); font-size: 24px;\\">night.</span><span class=\\"tag-cloud-tag\\" style=\\"margin: 0px 3px; vertical-align: middle; display: inline-block; color: rgb(13, 118, 135); font-size: 24px;\\">Long</span><span class=\\"tag-cloud-tag\\" style=\\"margin: 0px 3px; vertical-align: middle; display: inline-block; color: rgb(221, 211, 13); font-size: 24px;\\">Test</span><span class=\\"tag-cloud-tag\\" style=\\"margin: 0px 3px; vertical-align: middle; display: inline-block; color: rgb(51, 12, 142); font-size: 24px;\\">them</span><span class=\\"tag-cloud-tag\\" style=\\"margin: 0px 3px; vertical-align: middle; display: inline-block; color: rgb(4, 10, 94); font-size: 48px;\\">Please</span><span class=\\"tag-cloud-tag\\" style=\\"margin: 0px 3px; vertical-align: middle; display: inline-block; color: rgb(2, 135, 75); font-size: 24px;\\">block</span><span class=\\"tag-cloud-tag\\" style=\\"margin: 0px 3px; vertical-align: middle; display: inline-block; color: rgb(196, 157, 1); font-size: 48px;\\">all</span><span class=\\"tag-cloud-tag\\" style=\\"margin: 0px 3px; vertical-align: middle; display: inline-block; color: rgb(221, 110, 6); font-size: 24px;\\">make</span><span class=\\"tag-cloud-tag\\" style=\\"margin: 0px 3px; vertical-align: middle; display: inline-block; color: rgb(198, 119, 15); font-size: 24px;\\">The</span><span class=\\"tag-cloud-tag\\" style=\\"margin: 0px 3px; vertical-align: middle; display: inline-block; color: rgb(73, 142, 8); font-size: 24px;\\">day</span><span class=\\"tag-cloud-tag\\" style=\\"margin: 0px 3px; vertical-align: middle; display: inline-block; color: rgb(186, 1, 124); font-size: 24px;\\">neighbors</span><span class=\\"tag-cloud-tag\\" style=\\"margin: 0px 3px; vertical-align: middle; display: inline-block; color: rgb(201, 14, 198); font-size: 24px;\\">jackhammering</span><span class=\\"tag-cloud-tag\\" style=\\"margin: 0px 3px; vertical-align: middle; display: inline-block; color: rgb(17, 170, 24); font-size: 24px;\\">trash</span></div>  "`;
